// Jest Snapshot v1, https://goo.gl/fbAQLP

exports[`Button Rendering should match to snapshot 1`] = `
<div>
  <div>
    Button Text
  </div>
</div>
`;
