// Jest Snapshot v1, https://goo.gl/fbAQLP

exports[`Container Rendering should match to snapshot 1`] = `
.c0 {
  -webkit-flex: 1;
  -ms-flex: 1;
  flex: 1;
}

<View
  className="c0"
>
  <Text>
    Container Children
  </Text>
</View>
`;
