// Jest Snapshot v1, https://goo.gl/fbAQLP

exports[`ListItem Rendering should match to snapshot 1`] = `
<Text>
  {"key":1,"value":"1"}
</Text>
`;
