// Jest Snapshot v1, https://goo.gl/fbAQLP

exports[`Alert Rendering should match to snapshot 1`] = `
<Styled(View)>
  <Styled(Text)>
    alert message
  </Styled(Text)>
</Styled(View)>
`;
